// Jest Snapshot v1, https://goo.gl/fbAQLP

exports[`sendUsersSu should send su email to users 1`] = `
[
  {
    "reason": [Error: Missing email for answer_su with id: 1],
    "status": "rejected",
  },
  {
    "reason": [Error: Missing SU for answer_su with id: 2],
    "status": "rejected",
  },
  {
    "status": "fulfilled",
    "value": "Email template 1 send",
  },
  {
    "status": "fulfilled",
    "value": "Email template 1 send",
  },
]
`;
